2025-04-20 11:52:54,255 - INFO - Logging from Jupyter works now!
